{"sessionId":"404109","runId":"pre-fix","hypothesisId":"H9","location":"public\/ajax\/checkout.php:entry","message":"checkout endpoint entry","data":{"method":"GET","action":"cart","phpSessionId":"br0tjd9d0nus1adlcilag0gd5f","sessionCartCount":1},"timestamp":1776649935509}
{"sessionId":"404109","runId":"pre-fix","hypothesisId":"H11","location":"public\/ajax\/checkout.php:getSessionCartItemsWithPrice","message":"session ids vs db ids after status filter","data":{"sessionIds":[47],"dbIds":[47],"sessionCount":1,"dbCount":1},"timestamp":1776649935516}
{"sessionId":"404109","runId":"pre-fix","hypothesisId":"H10","location":"public\/ajax\/checkout.php:cartResponse","message":"checkout cart response built","data":{"sessionCartRaw":{"47":1},"responseItemsCount":1,"responseTotal":2400000},"timestamp":1776649935518}
{"sessionId":"404109","runId":"pre-fix","hypothesisId":"H9","location":"public\/ajax\/checkout.php:entry","message":"checkout endpoint entry","data":{"method":"POST","action":null,"phpSessionId":"br0tjd9d0nus1adlcilag0gd5f","sessionCartCount":1},"timestamp":1776649946329}
{"sessionId":"404109","runId":"pre-fix","hypothesisId":"H11","location":"public\/ajax\/checkout.php:getSessionCartItemsWithPrice","message":"session ids vs db ids after status filter","data":{"sessionIds":[47],"dbIds":[47],"sessionCount":1,"dbCount":1},"timestamp":1776649946331}
{"sessionId":"404109","runId":"pre-fix","hypothesisId":"H2","location":"public\/ajax\/checkout.php:postCreateOrder","message":"createOrder result","data":{"orderOk":true,"cartItemsCount":1,"total_amount":2400000},"timestamp":1776649946369}
{"sessionId":"404109","runId":"pre-fix","hypothesisId":"H9","location":"public\/ajax\/checkout.php:entry","message":"checkout endpoint entry","data":{"method":"GET","action":"cart","phpSessionId":"br0tjd9d0nus1adlcilag0gd5f","sessionCartCount":1},"timestamp":1776650374694}
{"sessionId":"404109","runId":"pre-fix","hypothesisId":"H11","location":"public\/ajax\/checkout.php:getSessionCartItemsWithPrice","message":"session ids vs db ids after status filter","data":{"sessionIds":[47],"dbIds":[47],"sessionCount":1,"dbCount":1},"timestamp":1776650374705}
{"sessionId":"404109","runId":"pre-fix","hypothesisId":"H10","location":"public\/ajax\/checkout.php:cartResponse","message":"checkout cart response built","data":{"sessionCartRaw":{"47":1},"responseItemsCount":1,"responseTotal":2400000},"timestamp":1776650374707}
{"sessionId":"404109","runId":"pre-fix","hypothesisId":"H9","location":"public\/ajax\/checkout.php:entry","message":"checkout endpoint entry","data":{"method":"POST","action":null,"phpSessionId":"br0tjd9d0nus1adlcilag0gd5f","sessionCartCount":1},"timestamp":1776650384842}
{"sessionId":"404109","runId":"pre-fix","hypothesisId":"H11","location":"public\/ajax\/checkout.php:getSessionCartItemsWithPrice","message":"session ids vs db ids after status filter","data":{"sessionIds":[47],"dbIds":[47],"sessionCount":1,"dbCount":1},"timestamp":1776650384845}
{"sessionId":"404109","runId":"pre-fix","hypothesisId":"H2","location":"public\/ajax\/checkout.php:postCreateOrder","message":"createOrder result","data":{"orderOk":true,"cartItemsCount":1,"total_amount":2400000},"timestamp":1776650384861}
{"sessionId":"404109","runId":"pre-fix","hypothesisId":"H9","location":"public\/ajax\/checkout.php:entry","message":"checkout endpoint entry","data":{"method":"GET","action":"cart","phpSessionId":"br0tjd9d0nus1adlcilag0gd5f","sessionCartCount":1},"timestamp":1776650584841}
{"sessionId":"404109","runId":"pre-fix","hypothesisId":"H11","location":"public\/ajax\/checkout.php:getSessionCartItemsWithPrice","message":"session ids vs db ids after status filter","data":{"sessionIds":[47],"dbIds":[47],"sessionCount":1,"dbCount":1},"timestamp":1776650584843}
{"sessionId":"404109","runId":"pre-fix","hypothesisId":"H10","location":"public\/ajax\/checkout.php:cartResponse","message":"checkout cart response built","data":{"sessionCartRaw":{"47":1},"responseItemsCount":1,"responseTotal":2400000},"timestamp":1776650584843}
{"sessionId":"404109","runId":"pre-fix","hypothesisId":"H9","location":"public\/ajax\/checkout.php:entry","message":"checkout endpoint entry","data":{"method":"POST","action":null,"phpSessionId":"br0tjd9d0nus1adlcilag0gd5f","sessionCartCount":1},"timestamp":1776650600970}
{"sessionId":"404109","runId":"pre-fix","hypothesisId":"H11","location":"public\/ajax\/checkout.php:getSessionCartItemsWithPrice","message":"session ids vs db ids after status filter","data":{"sessionIds":[47],"dbIds":[47],"sessionCount":1,"dbCount":1},"timestamp":1776650600971}
{"sessionId":"404109","runId":"pre-fix","hypothesisId":"H2","location":"public\/ajax\/checkout.php:postCreateOrder","message":"createOrder result","data":{"orderOk":true,"cartItemsCount":1,"total_amount":2400000},"timestamp":1776650600978}
{"sessionId":"404109","runId":"pre-fix","hypothesisId":"H9","location":"public\/ajax\/checkout.php:entry","message":"checkout endpoint entry","data":{"method":"GET","action":"cart","phpSessionId":"br0tjd9d0nus1adlcilag0gd5f","sessionCartCount":1},"timestamp":1776652734832}
{"sessionId":"404109","runId":"pre-fix","hypothesisId":"H11","location":"public\/ajax\/checkout.php:getSessionCartItemsWithPrice","message":"session ids vs db ids after status filter","data":{"sessionIds":[51],"dbIds":[51],"sessionCount":1,"dbCount":1},"timestamp":1776652734835}
{"sessionId":"404109","runId":"pre-fix","hypothesisId":"H10","location":"public\/ajax\/checkout.php:cartResponse","message":"checkout cart response built","data":{"sessionCartRaw":{"51":1},"responseItemsCount":1,"responseTotal":600000},"timestamp":1776652734835}
{"sessionId":"404109","runId":"pre-fix","hypothesisId":"H9","location":"public\/ajax\/checkout.php:entry","message":"checkout endpoint entry","data":{"method":"GET","action":"cart","phpSessionId":"tvjsunto05cd529q40timvidj9","sessionCartCount":1},"timestamp":1776654390936}
{"sessionId":"404109","runId":"pre-fix","hypothesisId":"H11","location":"public\/ajax\/checkout.php:getSessionCartItemsWithPrice","message":"session ids vs db ids after status filter","data":{"sessionIds":[56],"dbIds":[56],"sessionCount":1,"dbCount":1},"timestamp":1776654390938}
{"sessionId":"404109","runId":"pre-fix","hypothesisId":"H10","location":"public\/ajax\/checkout.php:cartResponse","message":"checkout cart response built","data":{"sessionCartRaw":{"56":1},"responseItemsCount":1,"responseTotal":3618000},"timestamp":1776654390939}
{"sessionId":"404109","runId":"pre-fix","hypothesisId":"H9","location":"public\/ajax\/checkout.php:entry","message":"checkout endpoint entry","data":{"method":"POST","action":null,"phpSessionId":"tvjsunto05cd529q40timvidj9","sessionCartCount":1},"timestamp":1776654431105}
{"sessionId":"404109","runId":"pre-fix","hypothesisId":"H11","location":"public\/ajax\/checkout.php:getSessionCartItemsWithPrice","message":"session ids vs db ids after status filter","data":{"sessionIds":[56],"dbIds":[56],"sessionCount":1,"dbCount":1},"timestamp":1776654431107}
{"sessionId":"404109","runId":"pre-fix","hypothesisId":"H2","location":"public\/ajax\/checkout.php:postCreateOrder","message":"createOrder result","data":{"orderOk":true,"cartItemsCount":1,"total_amount":3618000},"timestamp":1776654431118}
{"sessionId":"404109","runId":"pre-fix","hypothesisId":"H9","location":"public\/ajax\/checkout.php:entry","message":"checkout endpoint entry","data":{"method":"GET","action":"cart","phpSessionId":"gdhd6vfp83e5mofv42163njpch","sessionCartCount":2},"timestamp":1776694745670}
{"sessionId":"404109","runId":"pre-fix","hypothesisId":"H11","location":"public\/ajax\/checkout.php:getSessionCartItemsWithPrice","message":"session ids vs db ids after status filter","data":{"sessionIds":[57,56],"dbIds":[56,57],"sessionCount":2,"dbCount":2},"timestamp":1776694745672}
{"sessionId":"404109","runId":"pre-fix","hypothesisId":"H10","location":"public\/ajax\/checkout.php:cartResponse","message":"checkout cart response built","data":{"sessionCartRaw":{"57":1,"56":1},"responseItemsCount":2,"responseTotal":3718000},"timestamp":1776694745673}
{"sessionId":"404109","runId":"pre-fix","hypothesisId":"H9","location":"public\/ajax\/checkout.php:entry","message":"checkout endpoint entry","data":{"method":"POST","action":null,"phpSessionId":"gdhd6vfp83e5mofv42163njpch","sessionCartCount":2},"timestamp":1776694759893}
{"sessionId":"404109","runId":"pre-fix","hypothesisId":"H11","location":"public\/ajax\/checkout.php:getSessionCartItemsWithPrice","message":"session ids vs db ids after status filter","data":{"sessionIds":[57,56],"dbIds":[56,57],"sessionCount":2,"dbCount":2},"timestamp":1776694759894}
{"sessionId":"404109","runId":"pre-fix","hypothesisId":"H2","location":"public\/ajax\/checkout.php:postCreateOrder","message":"createOrder result","data":{"orderOk":true,"cartItemsCount":2,"total_amount":3718000},"timestamp":1776694759955}
{"sessionId":"404109","runId":"pre-fix","hypothesisId":"H9","location":"public\/ajax\/checkout.php:entry","message":"checkout endpoint entry","data":{"method":"GET","action":"cart","phpSessionId":"gdhd6vfp83e5mofv42163njpch","sessionCartCount":2},"timestamp":1776696506403}
{"sessionId":"404109","runId":"pre-fix","hypothesisId":"H11","location":"public\/ajax\/checkout.php:getSessionCartItemsWithPrice","message":"session ids vs db ids after status filter","data":{"sessionIds":[57,55],"dbIds":[55,57],"sessionCount":2,"dbCount":2},"timestamp":1776696506406}
{"sessionId":"404109","runId":"pre-fix","hypothesisId":"H10","location":"public\/ajax\/checkout.php:cartResponse","message":"checkout cart response built","data":{"sessionCartRaw":{"57":1,"55":23},"responseItemsCount":2,"responseTotal":15050000},"timestamp":1776696506406}
{"sessionId":"404109","runId":"pre-fix","hypothesisId":"H9","location":"public\/ajax\/checkout.php:entry","message":"checkout endpoint entry","data":{"method":"POST","action":null,"phpSessionId":"gdhd6vfp83e5mofv42163njpch","sessionCartCount":2},"timestamp":1776696531157}
{"sessionId":"404109","runId":"pre-fix","hypothesisId":"H11","location":"public\/ajax\/checkout.php:getSessionCartItemsWithPrice","message":"session ids vs db ids after status filter","data":{"sessionIds":[57,55],"dbIds":[55,57],"sessionCount":2,"dbCount":2},"timestamp":1776696531158}
{"sessionId":"404109","runId":"pre-fix","hypothesisId":"H2","location":"public\/ajax\/checkout.php:postCreateOrder","message":"createOrder result","data":{"orderOk":true,"cartItemsCount":2,"total_amount":15050000},"timestamp":1776696531163}
{"sessionId":"404109","runId":"pre-fix","hypothesisId":"H9","location":"public\/ajax\/checkout.php:entry","message":"checkout endpoint entry","data":{"method":"GET","action":"cart","phpSessionId":"l19kna6h9r9ghem56br8q9dmc4","sessionCartCount":1},"timestamp":1776732937317}
{"sessionId":"404109","runId":"pre-fix","hypothesisId":"H11","location":"public\/ajax\/checkout.php:getSessionCartItemsWithPrice","message":"session ids vs db ids after status filter","data":{"sessionIds":[55],"dbIds":[55],"sessionCount":1,"dbCount":1},"timestamp":1776732937324}
{"sessionId":"404109","runId":"pre-fix","hypothesisId":"H10","location":"public\/ajax\/checkout.php:cartResponse","message":"checkout cart response built","data":{"sessionCartRaw":{"55":1},"responseItemsCount":1,"responseTotal":650000},"timestamp":1776732937325}
{"sessionId":"404109","runId":"pre-fix","hypothesisId":"H9","location":"public\/ajax\/checkout.php:entry","message":"checkout endpoint entry","data":{"method":"GET","action":"cart","phpSessionId":"i5122llrjsumhmmdvu7oa3irf2","sessionCartCount":1},"timestamp":1776821890098}
{"sessionId":"404109","runId":"pre-fix","hypothesisId":"H11","location":"public\/ajax\/checkout.php:getSessionCartItemsWithPrice","message":"session ids vs db ids after status filter","data":{"sessionIds":[54],"dbIds":[54],"sessionCount":1,"dbCount":1},"timestamp":1776821890114}
{"sessionId":"404109","runId":"pre-fix","hypothesisId":"H10","location":"public\/ajax\/checkout.php:cartResponse","message":"checkout cart response built","data":{"sessionCartRaw":{"54":1},"responseItemsCount":1,"responseTotal":2500000},"timestamp":1776821890114}
{"sessionId":"404109","runId":"pre-fix","hypothesisId":"H9","location":"public\/ajax\/checkout.php:entry","message":"checkout endpoint entry","data":{"method":"POST","action":null,"phpSessionId":"i5122llrjsumhmmdvu7oa3irf2","sessionCartCount":1},"timestamp":1776821900955}
{"sessionId":"404109","runId":"pre-fix","hypothesisId":"H11","location":"public\/ajax\/checkout.php:getSessionCartItemsWithPrice","message":"session ids vs db ids after status filter","data":{"sessionIds":[54],"dbIds":[54],"sessionCount":1,"dbCount":1},"timestamp":1776821900956}
{"sessionId":"404109","runId":"pre-fix","hypothesisId":"H2","location":"public\/ajax\/checkout.php:postCreateOrder","message":"createOrder result","data":{"orderOk":true,"cartItemsCount":1,"total_amount":2500000},"timestamp":1776821900990}
{"sessionId":"404109","runId":"pre-fix","hypothesisId":"H9","location":"public\/ajax\/checkout.php:entry","message":"checkout endpoint entry","data":{"method":"GET","action":"cart","phpSessionId":"i5122llrjsumhmmdvu7oa3irf2","sessionCartCount":1},"timestamp":1776821954946}
{"sessionId":"404109","runId":"pre-fix","hypothesisId":"H11","location":"public\/ajax\/checkout.php:getSessionCartItemsWithPrice","message":"session ids vs db ids after status filter","data":{"sessionIds":[57],"dbIds":[57],"sessionCount":1,"dbCount":1},"timestamp":1776821954947}
{"sessionId":"404109","runId":"pre-fix","hypothesisId":"H10","location":"public\/ajax\/checkout.php:cartResponse","message":"checkout cart response built","data":{"sessionCartRaw":{"57":1},"responseItemsCount":1,"responseTotal":100000},"timestamp":1776821954948}
{"sessionId":"404109","runId":"pre-fix","hypothesisId":"H9","location":"public\/ajax\/checkout.php:entry","message":"checkout endpoint entry","data":{"method":"GET","action":"cart","phpSessionId":"i5122llrjsumhmmdvu7oa3irf2","sessionCartCount":1},"timestamp":1776821960079}
{"sessionId":"404109","runId":"pre-fix","hypothesisId":"H11","location":"public\/ajax\/checkout.php:getSessionCartItemsWithPrice","message":"session ids vs db ids after status filter","data":{"sessionIds":[57],"dbIds":[57],"sessionCount":1,"dbCount":1},"timestamp":1776821960080}
{"sessionId":"404109","runId":"pre-fix","hypothesisId":"H10","location":"public\/ajax\/checkout.php:cartResponse","message":"checkout cart response built","data":{"sessionCartRaw":{"57":7},"responseItemsCount":1,"responseTotal":700000},"timestamp":1776821960080}
{"sessionId":"404109","runId":"pre-fix","hypothesisId":"H9","location":"public\/ajax\/checkout.php:entry","message":"checkout endpoint entry","data":{"method":"GET","action":"cart","phpSessionId":"i5122llrjsumhmmdvu7oa3irf2","sessionCartCount":1},"timestamp":1776821966086}
{"sessionId":"404109","runId":"pre-fix","hypothesisId":"H11","location":"public\/ajax\/checkout.php:getSessionCartItemsWithPrice","message":"session ids vs db ids after status filter","data":{"sessionIds":[57],"dbIds":[57],"sessionCount":1,"dbCount":1},"timestamp":1776821966087}
{"sessionId":"404109","runId":"pre-fix","hypothesisId":"H10","location":"public\/ajax\/checkout.php:cartResponse","message":"checkout cart response built","data":{"sessionCartRaw":{"57":7},"responseItemsCount":1,"responseTotal":700000},"timestamp":1776821966087}
{"sessionId":"404109","runId":"pre-fix","hypothesisId":"H9","location":"public\/ajax\/checkout.php:entry","message":"checkout endpoint entry","data":{"method":"GET","action":"cart","phpSessionId":"i5122llrjsumhmmdvu7oa3irf2","sessionCartCount":2},"timestamp":1776838786076}
{"sessionId":"404109","runId":"pre-fix","hypothesisId":"H11","location":"public\/ajax\/checkout.php:getSessionCartItemsWithPrice","message":"session ids vs db ids after status filter","data":{"sessionIds":[57,58],"dbIds":[57,58],"sessionCount":2,"dbCount":2},"timestamp":1776838786079}
{"sessionId":"404109","runId":"pre-fix","hypothesisId":"H10","location":"public\/ajax\/checkout.php:cartResponse","message":"checkout cart response built","data":{"sessionCartRaw":{"57":7,"58":4},"responseItemsCount":2,"responseTotal":8660000},"timestamp":1776838786080}
{"sessionId":"404109","runId":"pre-fix","hypothesisId":"H9","location":"public\/ajax\/checkout.php:entry","message":"checkout endpoint entry","data":{"method":"GET","action":"cart","phpSessionId":"i5122llrjsumhmmdvu7oa3irf2","sessionCartCount":2},"timestamp":1776838861507}
{"sessionId":"404109","runId":"pre-fix","hypothesisId":"H11","location":"public\/ajax\/checkout.php:getSessionCartItemsWithPrice","message":"session ids vs db ids after status filter","data":{"sessionIds":[57,58],"dbIds":[57,58],"sessionCount":2,"dbCount":2},"timestamp":1776838861509}
{"sessionId":"404109","runId":"pre-fix","hypothesisId":"H10","location":"public\/ajax\/checkout.php:cartResponse","message":"checkout cart response built","data":{"sessionCartRaw":{"57":7,"58":1},"responseItemsCount":2,"responseTotal":2690000},"timestamp":1776838861509}
{"sessionId":"404109","runId":"pre-fix","hypothesisId":"H9","location":"public\/ajax\/checkout.php:entry","message":"checkout endpoint entry","data":{"method":"POST","action":null,"phpSessionId":"i5122llrjsumhmmdvu7oa3irf2","sessionCartCount":2},"timestamp":1776838873668}
{"sessionId":"404109","runId":"pre-fix","hypothesisId":"H11","location":"public\/ajax\/checkout.php:getSessionCartItemsWithPrice","message":"session ids vs db ids after status filter","data":{"sessionIds":[57,58],"dbIds":[57,58],"sessionCount":2,"dbCount":2},"timestamp":1776838873674}
{"sessionId":"404109","runId":"pre-fix","hypothesisId":"H2","location":"public\/ajax\/checkout.php:postCreateOrder","message":"createOrder result","data":{"orderOk":true,"cartItemsCount":2,"total_amount":2690000},"timestamp":1776838873703}
{"sessionId":"404109","runId":"pre-fix","hypothesisId":"H9","location":"public\/ajax\/checkout.php:entry","message":"checkout endpoint entry","data":{"method":"GET","action":"cart","phpSessionId":"i5122llrjsumhmmdvu7oa3irf2","sessionCartCount":2},"timestamp":1776843581021}
{"sessionId":"404109","runId":"pre-fix","hypothesisId":"H11","location":"public\/ajax\/checkout.php:getSessionCartItemsWithPrice","message":"session ids vs db ids after status filter","data":{"sessionIds":[56,58],"dbIds":[56,58],"sessionCount":2,"dbCount":2},"timestamp":1776843581038}
{"sessionId":"404109","runId":"pre-fix","hypothesisId":"H10","location":"public\/ajax\/checkout.php:cartResponse","message":"checkout cart response built","data":{"sessionCartRaw":{"56":1,"58":12},"responseItemsCount":2,"responseTotal":27498000},"timestamp":1776843581043}
{"sessionId":"404109","runId":"pre-fix","hypothesisId":"H9","location":"public\/ajax\/checkout.php:entry","message":"checkout endpoint entry","data":{"method":"GET","action":"cart","phpSessionId":"jvb8aeonc1fiilda7telagd1cc","sessionCartCount":1},"timestamp":1776859076240}
{"sessionId":"404109","runId":"pre-fix","hypothesisId":"H11","location":"public\/ajax\/checkout.php:getSessionCartItemsWithPrice","message":"session ids vs db ids after status filter","data":{"sessionIds":[56],"dbIds":[56],"sessionCount":1,"dbCount":1},"timestamp":1776859076243}
{"sessionId":"404109","runId":"pre-fix","hypothesisId":"H10","location":"public\/ajax\/checkout.php:cartResponse","message":"checkout cart response built","data":{"sessionCartRaw":{"56":1},"responseItemsCount":1,"responseTotal":3618000},"timestamp":1776859076243}
{"sessionId":"404109","runId":"pre-fix","hypothesisId":"H9","location":"public\/ajax\/checkout.php:entry","message":"checkout endpoint entry","data":{"method":"POST","action":null,"phpSessionId":"jvb8aeonc1fiilda7telagd1cc","sessionCartCount":1},"timestamp":1776859086893}
{"sessionId":"404109","runId":"pre-fix","hypothesisId":"H11","location":"public\/ajax\/checkout.php:getSessionCartItemsWithPrice","message":"session ids vs db ids after status filter","data":{"sessionIds":[56],"dbIds":[56],"sessionCount":1,"dbCount":1},"timestamp":1776859086894}
{"sessionId":"404109","runId":"pre-fix","hypothesisId":"H2","location":"public\/ajax\/checkout.php:postCreateOrder","message":"createOrder result","data":{"orderOk":true,"cartItemsCount":1,"total_amount":3618000},"timestamp":1776859086915}
{"sessionId":"404109","runId":"pre-fix","hypothesisId":"H9","location":"public\/ajax\/checkout.php:entry","message":"checkout endpoint entry","data":{"method":"GET","action":"cart","phpSessionId":"jvb8aeonc1fiilda7telagd1cc","sessionCartCount":1},"timestamp":1776867054911}
{"sessionId":"404109","runId":"pre-fix","hypothesisId":"H11","location":"public\/ajax\/checkout.php:getSessionCartItemsWithPrice","message":"session ids vs db ids after status filter","data":{"sessionIds":[57],"dbIds":[57],"sessionCount":1,"dbCount":1},"timestamp":1776867054912}
{"sessionId":"404109","runId":"pre-fix","hypothesisId":"H10","location":"public\/ajax\/checkout.php:cartResponse","message":"checkout cart response built","data":{"sessionCartRaw":{"57":10},"responseItemsCount":1,"responseTotal":1000000},"timestamp":1776867054912}
{"sessionId":"404109","runId":"pre-fix","hypothesisId":"H9","location":"public\/ajax\/checkout.php:entry","message":"checkout endpoint entry","data":{"method":"POST","action":null,"phpSessionId":"jvb8aeonc1fiilda7telagd1cc","sessionCartCount":1},"timestamp":1776867066569}
{"sessionId":"404109","runId":"pre-fix","hypothesisId":"H11","location":"public\/ajax\/checkout.php:getSessionCartItemsWithPrice","message":"session ids vs db ids after status filter","data":{"sessionIds":[57],"dbIds":[57],"sessionCount":1,"dbCount":1},"timestamp":1776867066570}
{"sessionId":"404109","runId":"pre-fix","hypothesisId":"H2","location":"public\/ajax\/checkout.php:postCreateOrder","message":"createOrder result","data":{"orderOk":true,"cartItemsCount":1,"total_amount":1000000},"timestamp":1776867066629}
{"sessionId":"404109","runId":"pre-fix","hypothesisId":"H9","location":"public\/ajax\/checkout.php:entry","message":"checkout endpoint entry","data":{"method":"GET","action":"cart","phpSessionId":"jvb8aeonc1fiilda7telagd1cc","sessionCartCount":1},"timestamp":1776867745147}
{"sessionId":"404109","runId":"pre-fix","hypothesisId":"H11","location":"public\/ajax\/checkout.php:getSessionCartItemsWithPrice","message":"session ids vs db ids after status filter","data":{"sessionIds":[56],"dbIds":[56],"sessionCount":1,"dbCount":1},"timestamp":1776867745149}
{"sessionId":"404109","runId":"pre-fix","hypothesisId":"H10","location":"public\/ajax\/checkout.php:cartResponse","message":"checkout cart response built","data":{"sessionCartRaw":{"56":1},"responseItemsCount":1,"responseTotal":3618000},"timestamp":1776867745149}
{"sessionId":"404109","runId":"pre-fix","hypothesisId":"H9","location":"public\/ajax\/checkout.php:entry","message":"checkout endpoint entry","data":{"method":"GET","action":"cart","phpSessionId":"jvb8aeonc1fiilda7telagd1cc","sessionCartCount":1},"timestamp":1776867751035}
{"sessionId":"404109","runId":"pre-fix","hypothesisId":"H11","location":"public\/ajax\/checkout.php:getSessionCartItemsWithPrice","message":"session ids vs db ids after status filter","data":{"sessionIds":[56],"dbIds":[56],"sessionCount":1,"dbCount":1},"timestamp":1776867751036}
{"sessionId":"404109","runId":"pre-fix","hypothesisId":"H10","location":"public\/ajax\/checkout.php:cartResponse","message":"checkout cart response built","data":{"sessionCartRaw":{"56":9},"responseItemsCount":1,"responseTotal":32562000},"timestamp":1776867751037}
{"sessionId":"404109","runId":"pre-fix","hypothesisId":"H9","location":"public\/ajax\/checkout.php:entry","message":"checkout endpoint entry","data":{"method":"GET","action":"cart","phpSessionId":"jvb8aeonc1fiilda7telagd1cc","sessionCartCount":1},"timestamp":1776867756585}
{"sessionId":"404109","runId":"pre-fix","hypothesisId":"H11","location":"public\/ajax\/checkout.php:getSessionCartItemsWithPrice","message":"session ids vs db ids after status filter","data":{"sessionIds":[56],"dbIds":[56],"sessionCount":1,"dbCount":1},"timestamp":1776867756586}
{"sessionId":"404109","runId":"pre-fix","hypothesisId":"H10","location":"public\/ajax\/checkout.php:cartResponse","message":"checkout cart response built","data":{"sessionCartRaw":{"56":15},"responseItemsCount":1,"responseTotal":54270000},"timestamp":1776867756586}
{"sessionId":"404109","runId":"pre-fix","hypothesisId":"H9","location":"public\/ajax\/checkout.php:entry","message":"checkout endpoint entry","data":{"method":"POST","action":null,"phpSessionId":"jvb8aeonc1fiilda7telagd1cc","sessionCartCount":1},"timestamp":1776867767608}
{"sessionId":"404109","runId":"pre-fix","hypothesisId":"H11","location":"public\/ajax\/checkout.php:getSessionCartItemsWithPrice","message":"session ids vs db ids after status filter","data":{"sessionIds":[56],"dbIds":[56],"sessionCount":1,"dbCount":1},"timestamp":1776867767609}
{"sessionId":"404109","runId":"pre-fix","hypothesisId":"H2","location":"public\/ajax\/checkout.php:postCreateOrder","message":"createOrder result","data":{"orderOk":true,"cartItemsCount":1,"total_amount":54270000},"timestamp":1776867767634}
{"sessionId":"404109","runId":"pre-fix","hypothesisId":"H9","location":"public\/ajax\/checkout.php:entry","message":"checkout endpoint entry","data":{"method":"GET","action":"cart","phpSessionId":"jvb8aeonc1fiilda7telagd1cc","sessionCartCount":1},"timestamp":1776870774798}
{"sessionId":"404109","runId":"pre-fix","hypothesisId":"H11","location":"public\/ajax\/checkout.php:getSessionCartItemsWithPrice","message":"session ids vs db ids after status filter","data":{"sessionIds":[58],"dbIds":[58],"sessionCount":1,"dbCount":1},"timestamp":1776870774800}
{"sessionId":"404109","runId":"pre-fix","hypothesisId":"H10","location":"public\/ajax\/checkout.php:cartResponse","message":"checkout cart response built","data":{"sessionCartRaw":{"58":1},"responseItemsCount":1,"responseTotal":1990000},"timestamp":1776870774801}
{"sessionId":"404109","runId":"pre-fix","hypothesisId":"H9","location":"public\/ajax\/checkout.php:entry","message":"checkout endpoint entry","data":{"method":"GET","action":"cart","phpSessionId":"jvb8aeonc1fiilda7telagd1cc","sessionCartCount":1},"timestamp":1776870784616}
{"sessionId":"404109","runId":"pre-fix","hypothesisId":"H11","location":"public\/ajax\/checkout.php:getSessionCartItemsWithPrice","message":"session ids vs db ids after status filter","data":{"sessionIds":[58],"dbIds":[58],"sessionCount":1,"dbCount":1},"timestamp":1776870784617}
{"sessionId":"404109","runId":"pre-fix","hypothesisId":"H10","location":"public\/ajax\/checkout.php:cartResponse","message":"checkout cart response built","data":{"sessionCartRaw":{"58":1},"responseItemsCount":1,"responseTotal":1990000},"timestamp":1776870784617}
{"sessionId":"404109","runId":"pre-fix","hypothesisId":"H9","location":"public\/ajax\/checkout.php:entry","message":"checkout endpoint entry","data":{"method":"GET","action":"cart","phpSessionId":"jvb8aeonc1fiilda7telagd1cc","sessionCartCount":1},"timestamp":1776871578377}
{"sessionId":"404109","runId":"pre-fix","hypothesisId":"H11","location":"public\/ajax\/checkout.php:getSessionCartItemsWithPrice","message":"session ids vs db ids after status filter","data":{"sessionIds":[58],"dbIds":[58],"sessionCount":1,"dbCount":1},"timestamp":1776871578381}
{"sessionId":"404109","runId":"pre-fix","hypothesisId":"H10","location":"public\/ajax\/checkout.php:cartResponse","message":"checkout cart response built","data":{"sessionCartRaw":{"58":1},"responseItemsCount":1,"responseTotal":1990000},"timestamp":1776871578384}
{"sessionId":"404109","runId":"pre-fix","hypothesisId":"H9","location":"public\/ajax\/checkout.php:entry","message":"checkout endpoint entry","data":{"method":"POST","action":null,"phpSessionId":"jvb8aeonc1fiilda7telagd1cc","sessionCartCount":1},"timestamp":1776871590144}
{"sessionId":"404109","runId":"pre-fix","hypothesisId":"H11","location":"public\/ajax\/checkout.php:getSessionCartItemsWithPrice","message":"session ids vs db ids after status filter","data":{"sessionIds":[58],"dbIds":[58],"sessionCount":1,"dbCount":1},"timestamp":1776871590148}
{"sessionId":"404109","runId":"pre-fix","hypothesisId":"H2","location":"public\/ajax\/checkout.php:postCreateOrder","message":"createOrder result","data":{"orderOk":true,"cartItemsCount":1,"total_amount":1990000},"timestamp":1776871590215}
{"sessionId":"404109","runId":"pre-fix","hypothesisId":"H9","location":"public\/ajax\/checkout.php:entry","message":"checkout endpoint entry","data":{"method":"GET","action":"cart","phpSessionId":"jvb8aeonc1fiilda7telagd1cc","sessionCartCount":1},"timestamp":1776873120361}
{"sessionId":"404109","runId":"pre-fix","hypothesisId":"H11","location":"public\/ajax\/checkout.php:getSessionCartItemsWithPrice","message":"session ids vs db ids after status filter","data":{"sessionIds":[58],"dbIds":[58],"sessionCount":1,"dbCount":1},"timestamp":1776873120365}
{"sessionId":"404109","runId":"pre-fix","hypothesisId":"H10","location":"public\/ajax\/checkout.php:cartResponse","message":"checkout cart response built","data":{"sessionCartRaw":{"58":1},"responseItemsCount":1,"responseTotal":1990000},"timestamp":1776873120366}
{"sessionId":"404109","runId":"pre-fix","hypothesisId":"H9","location":"public\/ajax\/checkout.php:entry","message":"checkout endpoint entry","data":{"method":"GET","action":"cart","phpSessionId":"jvb8aeonc1fiilda7telagd1cc","sessionCartCount":1},"timestamp":1776873126324}
{"sessionId":"404109","runId":"pre-fix","hypothesisId":"H11","location":"public\/ajax\/checkout.php:getSessionCartItemsWithPrice","message":"session ids vs db ids after status filter","data":{"sessionIds":[58],"dbIds":[58],"sessionCount":1,"dbCount":1},"timestamp":1776873126325}
{"sessionId":"404109","runId":"pre-fix","hypothesisId":"H10","location":"public\/ajax\/checkout.php:cartResponse","message":"checkout cart response built","data":{"sessionCartRaw":{"58":1},"responseItemsCount":1,"responseTotal":1990000},"timestamp":1776873126325}
{"sessionId":"404109","runId":"pre-fix","hypothesisId":"H9","location":"public\/ajax\/checkout.php:entry","message":"checkout endpoint entry","data":{"method":"POST","action":null,"phpSessionId":"jvb8aeonc1fiilda7telagd1cc","sessionCartCount":1},"timestamp":1776873139112}
{"sessionId":"404109","runId":"pre-fix","hypothesisId":"H11","location":"public\/ajax\/checkout.php:getSessionCartItemsWithPrice","message":"session ids vs db ids after status filter","data":{"sessionIds":[58],"dbIds":[58],"sessionCount":1,"dbCount":1},"timestamp":1776873139114}
{"sessionId":"404109","runId":"pre-fix","hypothesisId":"H2","location":"public\/ajax\/checkout.php:postCreateOrder","message":"createOrder result","data":{"orderOk":true,"cartItemsCount":1,"total_amount":1990000},"timestamp":1776873139128}
{"sessionId":"404109","runId":"pre-fix","hypothesisId":"H9","location":"public\/ajax\/checkout.php:entry","message":"checkout endpoint entry","data":{"method":"GET","action":"cart","phpSessionId":"jvb8aeonc1fiilda7telagd1cc","sessionCartCount":1},"timestamp":1776873185737}
{"sessionId":"404109","runId":"pre-fix","hypothesisId":"H11","location":"public\/ajax\/checkout.php:getSessionCartItemsWithPrice","message":"session ids vs db ids after status filter","data":{"sessionIds":[58],"dbIds":[58],"sessionCount":1,"dbCount":1},"timestamp":1776873185738}
{"sessionId":"404109","runId":"pre-fix","hypothesisId":"H10","location":"public\/ajax\/checkout.php:cartResponse","message":"checkout cart response built","data":{"sessionCartRaw":{"58":1},"responseItemsCount":1,"responseTotal":1990000},"timestamp":1776873185738}
{"sessionId":"404109","runId":"pre-fix","hypothesisId":"H9","location":"public\/ajax\/checkout.php:entry","message":"checkout endpoint entry","data":{"method":"GET","action":"cart","phpSessionId":"jvb8aeonc1fiilda7telagd1cc","sessionCartCount":1},"timestamp":1776873193007}
{"sessionId":"404109","runId":"pre-fix","hypothesisId":"H11","location":"public\/ajax\/checkout.php:getSessionCartItemsWithPrice","message":"session ids vs db ids after status filter","data":{"sessionIds":[58],"dbIds":[58],"sessionCount":1,"dbCount":1},"timestamp":1776873193008}
{"sessionId":"404109","runId":"pre-fix","hypothesisId":"H10","location":"public\/ajax\/checkout.php:cartResponse","message":"checkout cart response built","data":{"sessionCartRaw":{"58":1},"responseItemsCount":1,"responseTotal":1990000},"timestamp":1776873193009}
{"sessionId":"404109","runId":"pre-fix","hypothesisId":"H9","location":"public\/ajax\/checkout.php:entry","message":"checkout endpoint entry","data":{"method":"POST","action":null,"phpSessionId":"jvb8aeonc1fiilda7telagd1cc","sessionCartCount":1},"timestamp":1776873205621}
{"sessionId":"404109","runId":"pre-fix","hypothesisId":"H11","location":"public\/ajax\/checkout.php:getSessionCartItemsWithPrice","message":"session ids vs db ids after status filter","data":{"sessionIds":[58],"dbIds":[58],"sessionCount":1,"dbCount":1},"timestamp":1776873205623}
{"sessionId":"404109","runId":"pre-fix","hypothesisId":"H2","location":"public\/ajax\/checkout.php:postCreateOrder","message":"createOrder result","data":{"orderOk":true,"cartItemsCount":1,"total_amount":1990000},"timestamp":1776873205643}
{"sessionId":"404109","runId":"pre-fix","hypothesisId":"H9","location":"public\/ajax\/checkout.php:entry","message":"checkout endpoint entry","data":{"method":"GET","action":"cart","phpSessionId":"jvb8aeonc1fiilda7telagd1cc","sessionCartCount":1},"timestamp":1776874286400}
{"sessionId":"404109","runId":"pre-fix","hypothesisId":"H11","location":"public\/ajax\/checkout.php:getSessionCartItemsWithPrice","message":"session ids vs db ids after status filter","data":{"sessionIds":[58],"dbIds":[58],"sessionCount":1,"dbCount":1},"timestamp":1776874286402}
{"sessionId":"404109","runId":"pre-fix","hypothesisId":"H10","location":"public\/ajax\/checkout.php:cartResponse","message":"checkout cart response built","data":{"sessionCartRaw":{"58":3},"responseItemsCount":1,"responseTotal":5970000},"timestamp":1776874286402}
{"sessionId":"404109","runId":"pre-fix","hypothesisId":"H9","location":"public\/ajax\/checkout.php:entry","message":"checkout endpoint entry","data":{"method":"POST","action":null,"phpSessionId":"jvb8aeonc1fiilda7telagd1cc","sessionCartCount":1},"timestamp":1776874297628}
{"sessionId":"404109","runId":"pre-fix","hypothesisId":"H11","location":"public\/ajax\/checkout.php:getSessionCartItemsWithPrice","message":"session ids vs db ids after status filter","data":{"sessionIds":[58],"dbIds":[58],"sessionCount":1,"dbCount":1},"timestamp":1776874297630}
{"sessionId":"404109","runId":"pre-fix","hypothesisId":"H2","location":"public\/ajax\/checkout.php:postCreateOrder","message":"createOrder result","data":{"orderOk":true,"cartItemsCount":1,"total_amount":5970000},"timestamp":1776874297638}
{"sessionId":"404109","runId":"pre-fix","hypothesisId":"H9","location":"public\/ajax\/checkout.php:entry","message":"checkout endpoint entry","data":{"method":"GET","action":"cart","phpSessionId":"jvb8aeonc1fiilda7telagd1cc","sessionCartCount":1},"timestamp":1776874325153}
{"sessionId":"404109","runId":"pre-fix","hypothesisId":"H11","location":"public\/ajax\/checkout.php:getSessionCartItemsWithPrice","message":"session ids vs db ids after status filter","data":{"sessionIds":[58],"dbIds":[58],"sessionCount":1,"dbCount":1},"timestamp":1776874325155}
{"sessionId":"404109","runId":"pre-fix","hypothesisId":"H10","location":"public\/ajax\/checkout.php:cartResponse","message":"checkout cart response built","data":{"sessionCartRaw":{"58":3},"responseItemsCount":1,"responseTotal":5970000},"timestamp":1776874325155}
{"sessionId":"404109","runId":"pre-fix","hypothesisId":"H9","location":"public\/ajax\/checkout.php:entry","message":"checkout endpoint entry","data":{"method":"POST","action":null,"phpSessionId":"jvb8aeonc1fiilda7telagd1cc","sessionCartCount":1},"timestamp":1776874336189}
{"sessionId":"404109","runId":"pre-fix","hypothesisId":"H11","location":"public\/ajax\/checkout.php:getSessionCartItemsWithPrice","message":"session ids vs db ids after status filter","data":{"sessionIds":[58],"dbIds":[58],"sessionCount":1,"dbCount":1},"timestamp":1776874336191}
{"sessionId":"404109","runId":"pre-fix","hypothesisId":"H2","location":"public\/ajax\/checkout.php:postCreateOrder","message":"createOrder result","data":{"orderOk":true,"cartItemsCount":1,"total_amount":5970000},"timestamp":1776874336222}
